//  Catapult Ultra Synthesis 2023.1_2/1049935 (Production Release) Sat Jun 10 10:53:51 PDT 2023
//  
//          Copyright (c) Siemens EDA, 1996-2023, All Rights Reserved.
//                        UNPUBLISHED, LICENSED SOFTWARE.
//             CONFIDENTIAL AND PROPRIETARY INFORMATION WHICH IS THE
//                   PROPERTY OF SIEMENS EDA OR ITS LICENSORS.
//  
//  Running on Linux ghp7482@hansolo.poly.edu 4.18.0-553.89.1.el8_10.x86_64 x86_64 aol
//  
//  Package information: SIFLIBS v26.1_2.0, HLS_PKGS v26.1_2.0, 
//                       SIF_TOOLKITS v26.1_2.0, SIF_XILINX v26.1_2.0, 
//                       SIF_ALTERA v26.1_2.0, CCS_LIBS v26.1_2.0, 
//                       CDS_PPRO v2022.1_1, CDS_DesigChecker v2023.1_1, 
//                       CDS_OASYS v21.1_3.1, CDS_PSR v22.2_0.9, 
//                       DesignPad v2.78_1.0
//  
//  Start time Fri Jan 23 12:34:29 2026
# -------------------------------------------------
# Logging session transcript to file "/tmp/log24053636808e5e3.0"
# Loading options from '$HOME/.catapult/2023.1_2-1049935.aol.reg'.
dofile ./outputs_sampler_gpt-4o_22/initial.tcl
# > solution new -state initial
# Info: Branching solution 'solution.v2' at state 'initial' (PRJ-2)
# solution.v2
# > solution options defaults
# > solution options set /OnTheFly/VthAttributeType cell_lib
# cell_lib
# > solution options set /Input/TargetPlatform x86_64
# x86_64
# > solution options set /Output/OutputVHDL false
# false
# > solution options set /Output/GenerateCycleNetlist false
# false
# > solution file add tmp_sampler/sampler_llm.c -type C++
# /INPUTFILES/1
# > directive set -DESIGN_GOAL area
# /DESIGN_GOAL area
# > directive set -SPECULATE true
# /SPECULATE true
# > directive set -MERGEABLE true
# /MERGEABLE true
# > directive set -REGISTER_THRESHOLD 512
# /REGISTER_THRESHOLD 512
# > directive set -MEM_MAP_THRESHOLD 128
# /MEM_MAP_THRESHOLD 128
# > directive set -LOGIC_OPT false
# /LOGIC_OPT false
# > directive set -FSM_ENCODING none
# /FSM_ENCODING none
# > directive set -FSM_BINARY_ENCODING_THRESHOLD 64
# /FSM_BINARY_ENCODING_THRESHOLD 64
# > directive set -REG_MAX_FANOUT 0
# /REG_MAX_FANOUT 0
# > directive set -NO_X_ASSIGNMENTS true
# /NO_X_ASSIGNMENTS true
# > directive set -SAFE_FSM false
# /SAFE_FSM false
# > directive set -REGISTER_SHARING_MAX_WIDTH_DIFFERENCE 8
# /REGISTER_SHARING_MAX_WIDTH_DIFFERENCE 8
# > directive set -REGISTER_SHARING_LIMIT 0
# /REGISTER_SHARING_LIMIT 0
# > directive set -ASSIGN_OVERHEAD 0
# /ASSIGN_OVERHEAD 0
# > directive set -TIMING_CHECKS true
# /TIMING_CHECKS true
# > directive set -MUXPATH true
# /MUXPATH true
# > directive set -REALLOC true
# /REALLOC true
# > directive set -UNROLL no
# /UNROLL no
# > directive set -IO_MODE super
# /IO_MODE super
# > directive set -CHAN_IO_PROTOCOL use_library
# /CHAN_IO_PROTOCOL use_library
# > directive set -ARRAY_SIZE 4096
# /ARRAY_SIZE 4096
# > directive set -IDLE_SIGNAL {}
# /IDLE_SIGNAL {}
# > directive set -STALL_FLAG_SV off
# /STALL_FLAG_SV off
# > directive set -STALL_FLAG false
# /STALL_FLAG false
# > directive set -TRANSACTION_DONE_SIGNAL true
# /TRANSACTION_DONE_SIGNAL true
# > directive set -DONE_FLAG {}
# /DONE_FLAG {}
# > directive set -READY_FLAG {}
# /READY_FLAG {}
# > directive set -START_FLAG {}
# /START_FLAG {}
# > directive set -TRANSACTION_SYNC ready
# /TRANSACTION_SYNC ready
# > directive set -RESET_CLEARS_ALL_REGS use_library
# /RESET_CLEARS_ALL_REGS use_library
# > directive set -CLOCK_OVERHEAD 20.000000
# /CLOCK_OVERHEAD 20.000000
# > directive set -ON_THE_FLY_PROTOTYPING false
# /ON_THE_FLY_PROTOTYPING false
# > directive set -OPT_CONST_MULTS use_library
# /OPT_CONST_MULTS use_library
# > directive set -CHARACTERIZE_ROM false
# /CHARACTERIZE_ROM false
# > directive set -PROTOTYPE_ROM true
# /PROTOTYPE_ROM true
# > directive set -ROM_THRESHOLD 512
# /ROM_THRESHOLD 512
# > directive set -CLUSTER_ADDTREE_IN_WIDTH_THRESHOLD 0
# /CLUSTER_ADDTREE_IN_WIDTH_THRESHOLD 0
# > directive set -CLUSTER_ADDTREE_IN_COUNT_THRESHOLD 0
# /CLUSTER_ADDTREE_IN_COUNT_THRESHOLD 0
# > directive set -CLUSTER_OPT_CONSTANT_INPUTS true
# /CLUSTER_OPT_CONSTANT_INPUTS true
# > directive set -CLUSTER_RTL_SYN false
# /CLUSTER_RTL_SYN false
# > directive set -CLUSTER_FAST_MODE false
# /CLUSTER_FAST_MODE false
# > directive set -CLUSTER_TYPE combinational
# /CLUSTER_TYPE combinational
# > directive set -PROTOTYPING_ENGINE oasys
# /PROTOTYPING_ENGINE oasys
# > directive set -PIPELINE_RAMP_UP true
# /PIPELINE_RAMP_UP true
# > go new
# > go analyze
# Info: Starting transformation 'analyze' on solution 'solution.v2' (SOL-8)
# Creating project directory '/home/ghp7482/projects/c2hlsc/Catapult_680/'. (PRJ-1)
# Moving session transcript to file "/home/ghp7482/projects/c2hlsc/catapult.log"
# Front End called with arguments: -- /home/ghp7482/projects/c2hlsc/tmp_sampler/sampler_llm.c (CIN-69)
# Edison Design Group C++/C Front End - Version 6.3 (CIN-1)
# Warning: $PROJECT_HOME/include/ac_int.h(3628): variable "x" is used before its value is set (CRD-549)
# Warning: $PROJECT_HOME/include/ac_int.h(3629): variable "x" is used before its value is set (CRD-549)
# Warning: $PROJECT_HOME/include/ac_int.h(3630): variable "x" is used before its value is set (CRD-549)
# Warning: $PROJECT_HOME/include/ac_int.h(3631): variable "x" is used before its value is set (CRD-549)
# Warning: $PROJECT_HOME/include/ac_int.h(3632): variable "x" is used before its value is set (CRD-549)
# Warning: $PROJECT_HOME/include/ac_int.h(3633): variable "x" is used before its value is set (CRD-549)
# Warning: $PROJECT_HOME/include/ac_int.h(3634): variable "x" is used before its value is set (CRD-549)
# Warning: $PROJECT_HOME/include/ac_int.h(3635): variable "x" is used before its value is set (CRD-549)
# Warning: $PROJECT_HOME/include/ac_int.h(3636): variable "x" is used before its value is set (CRD-549)
# Warning: $PROJECT_HOME/include/ac_int.h(3637): variable "x" is used before its value is set (CRD-549)
# Warning: $PROJECT_HOME/include/ac_int.h(3638): variable "x" is used before its value is set (CRD-549)
# Warning: $PROJECT_HOME/include/ac_int.h(3639): variable "x" is used before its value is set (CRD-549)
# Warning: $PROJECT_HOME/include/ac_fixed.h(224): statement is unreachable (CRD-111)
# Warning: $PROJECT_HOME/include/ac_fixed.h(224):           detected during: (CRD-111)
# Warning: $PROJECT_HOME/include/ac_fixed.h(224):             instantiation of "bool ac_fixed<W, I, S, Q, O>::quantization_adjust(bool, bool, bool) [with W=54, I=2, S=true, Q=AC_TRN, O=AC_WRAP]" at line 366 (CRD-111)
# Warning: $PROJECT_HOME/include/ac_fixed.h(224):             instantiation of "ac_fixed<W, I, S, Q, O>::ac_fixed(const ac_fixed<W2, I2, S2, Q2, O2> &) [with W=54, I=2, S=true, Q=AC_TRN, O=AC_WRAP, W2=32, I2=32, S2=true, Q2=AC_TRN, O2=AC_WRAP]" at line 409 (CRD-111)
# Warning: $PROJECT_HOME/include/ac_fixed.h(224):             instantiation of "ac_fixed<W, I, S, Q, O>::ac_fixed(const ac_int<W2, S2> &) [with W=54, I=2, S=true, Q=AC_TRN, O=AC_WRAP, W2=32, S2=true]" at line 435 (CRD-111)
# Warning: $PROJECT_HOME/include/ac_fixed.h(224):             instantiation of "ac_fixed<W, I, S, Q, O>::ac_fixed(signed int) [with W=54, I=2, S=true, Q=AC_TRN, O=AC_WRAP]" at line 1561 (CRD-111)
# Warning: $PROJECT_HOME/include/ac_fixed.h(202): integer conversion resulted in a change of sign (CRD-68)
# Warning: $PROJECT_HOME/include/ac_fixed.h(202):           detected during: (CRD-68)
# Warning: $PROJECT_HOME/include/ac_fixed.h(202):             instantiation of "void ac_fixed<W, I, S, Q, O>::overflow_adjust(bool, bool) [with W=54, I=2, S=true, Q=AC_TRN, O=AC_WRAP]" at line 392 (CRD-68)
# Warning: $PROJECT_HOME/include/ac_fixed.h(202):             instantiation of "ac_fixed<W, I, S, Q, O>::ac_fixed(const ac_fixed<W2, I2, S2, Q2, O2> &) [with W=54, I=2, S=true, Q=AC_TRN, O=AC_WRAP, W2=32, I2=32, S2=true, Q2=AC_TRN, O2=AC_WRAP]" at line 409 (CRD-68)
# Warning: $PROJECT_HOME/include/ac_fixed.h(202):             instantiation of "ac_fixed<W, I, S, Q, O>::ac_fixed(const ac_int<W2, S2> &) [with W=54, I=2, S=true, Q=AC_TRN, O=AC_WRAP, W2=32, S2=true]" at line 435 (CRD-68)
# Warning: $PROJECT_HOME/include/ac_fixed.h(202):             instantiation of "ac_fixed<W, I, S, Q, O>::ac_fixed(signed int) [with W=54, I=2, S=true, Q=AC_TRN, O=AC_WRAP]" at line 1561 (CRD-68)
# Warning: $PROJECT_HOME/include/ac_fixed.h(224): statement is unreachable (CRD-111)
# Warning: $PROJECT_HOME/include/ac_fixed.h(224):           detected during: (CRD-111)
# Warning: $PROJECT_HOME/include/ac_fixed.h(224):             instantiation of "bool ac_fixed<W, I, S, Q, O>::quantization_adjust(bool, bool, bool) [with W=25, I=2, S=true, Q=AC_TRN, O=AC_WRAP]" at line 366 (CRD-111)
# Warning: $PROJECT_HOME/include/ac_fixed.h(224):             instantiation of "ac_fixed<W, I, S, Q, O>::ac_fixed(const ac_fixed<W2, I2, S2, Q2, O2> &) [with W=25, I=2, S=true, Q=AC_TRN, O=AC_WRAP, W2=32, I2=32, S2=true, Q2=AC_TRN, O2=AC_WRAP]" at line 409 (CRD-111)
# Warning: $PROJECT_HOME/include/ac_fixed.h(224):             instantiation of "ac_fixed<W, I, S, Q, O>::ac_fixed(const ac_int<W2, S2> &) [with W=25, I=2, S=true, Q=AC_TRN, O=AC_WRAP, W2=32, S2=true]" at line 435 (CRD-111)
# Warning: $PROJECT_HOME/include/ac_fixed.h(224):             instantiation of "ac_fixed<W, I, S, Q, O>::ac_fixed(signed int) [with W=25, I=2, S=true, Q=AC_TRN, O=AC_WRAP]" at line 1579 (CRD-111)
# Warning: $PROJECT_HOME/include/ac_fixed.h(202): integer conversion resulted in a change of sign (CRD-68)
# Warning: $PROJECT_HOME/include/ac_fixed.h(202):           detected during: (CRD-68)
# Warning: $PROJECT_HOME/include/ac_fixed.h(202):             instantiation of "void ac_fixed<W, I, S, Q, O>::overflow_adjust(bool, bool) [with W=25, I=2, S=true, Q=AC_TRN, O=AC_WRAP]" at line 392 (CRD-68)
# Warning: $PROJECT_HOME/include/ac_fixed.h(202):             instantiation of "ac_fixed<W, I, S, Q, O>::ac_fixed(const ac_fixed<W2, I2, S2, Q2, O2> &) [with W=25, I=2, S=true, Q=AC_TRN, O=AC_WRAP, W2=32, I2=32, S2=true, Q2=AC_TRN, O2=AC_WRAP]" at line 409 (CRD-68)
# Warning: $PROJECT_HOME/include/ac_fixed.h(202):             instantiation of "ac_fixed<W, I, S, Q, O>::ac_fixed(const ac_int<W2, S2> &) [with W=25, I=2, S=true, Q=AC_TRN, O=AC_WRAP, W2=32, S2=true]" at line 435 (CRD-68)
# Warning: $PROJECT_HOME/include/ac_fixed.h(202):             instantiation of "ac_fixed<W, I, S, Q, O>::ac_fixed(signed int) [with W=25, I=2, S=true, Q=AC_TRN, O=AC_WRAP]" at line 1579 (CRD-68)
# Warning: $PROJECT_HOME/include/ac_fixed.h(224): statement is unreachable (CRD-111)
# Warning: $PROJECT_HOME/include/ac_fixed.h(224):           detected during: (CRD-111)
# Warning: $PROJECT_HOME/include/ac_fixed.h(224):             instantiation of "bool ac_fixed<W, I, S, Q, O>::quantization_adjust(bool, bool, bool) [with W=53, I=1, S=false, Q=AC_TRN, O=AC_WRAP]" at line 366 (CRD-111)
# Warning: $PROJECT_HOME/include/ac_fixed.h(224):             instantiation of "ac_fixed<W, I, S, Q, O>::ac_fixed(const ac_fixed<W2, I2, S2, Q2, O2> &) [with W=53, I=1, S=false, Q=AC_TRN, O=AC_WRAP, W2=32, I2=32, S2=true, Q2=AC_TRN, O2=AC_WRAP]" at line 409 (CRD-111)
# Warning: $PROJECT_HOME/include/ac_fixed.h(224):             instantiation of "ac_fixed<W, I, S, Q, O>::ac_fixed(const ac_int<W2, S2> &) [with W=53, I=1, S=false, Q=AC_TRN, O=AC_WRAP, W2=32, S2=true]" at line 435 (CRD-111)
# Warning: $PROJECT_HOME/include/ac_fixed.h(224):             instantiation of "ac_fixed<W, I, S, Q, O>::ac_fixed(signed int) [with W=53, I=1, S=false, Q=AC_TRN, O=AC_WRAP]" at line 1599 (CRD-111)
# Warning: $PROJECT_HOME/include/ac_fixed.h(202): integer conversion resulted in a change of sign (CRD-68)
# Warning: $PROJECT_HOME/include/ac_fixed.h(202):           detected during: (CRD-68)
# Warning: $PROJECT_HOME/include/ac_fixed.h(202):             instantiation of "void ac_fixed<W, I, S, Q, O>::overflow_adjust(bool, bool) [with W=53, I=1, S=false, Q=AC_TRN, O=AC_WRAP]" at line 392 (CRD-68)
# Warning: $PROJECT_HOME/include/ac_fixed.h(202):             instantiation of "ac_fixed<W, I, S, Q, O>::ac_fixed(const ac_fixed<W2, I2, S2, Q2, O2> &) [with W=53, I=1, S=false, Q=AC_TRN, O=AC_WRAP, W2=32, I2=32, S2=true, Q2=AC_TRN, O2=AC_WRAP]" at line 409 (CRD-68)
# Warning: $PROJECT_HOME/include/ac_fixed.h(202):             instantiation of "ac_fixed<W, I, S, Q, O>::ac_fixed(const ac_int<W2, S2> &) [with W=53, I=1, S=false, Q=AC_TRN, O=AC_WRAP, W2=32, S2=true]" at line 435 (CRD-68)
# Warning: $PROJECT_HOME/include/ac_fixed.h(202):             instantiation of "ac_fixed<W, I, S, Q, O>::ac_fixed(signed int) [with W=53, I=1, S=false, Q=AC_TRN, O=AC_WRAP]" at line 1599 (CRD-68)
# Warning: $PROJECT_HOME/include/ac_fixed.h(224): statement is unreachable (CRD-111)
# Warning: $PROJECT_HOME/include/ac_fixed.h(224):           detected during: (CRD-111)
# Warning: $PROJECT_HOME/include/ac_fixed.h(224):             instantiation of "bool ac_fixed<W, I, S, Q, O>::quantization_adjust(bool, bool, bool) [with W=24, I=1, S=false, Q=AC_TRN, O=AC_WRAP]" at line 366 (CRD-111)
# Warning: $PROJECT_HOME/include/ac_fixed.h(224):             instantiation of "ac_fixed<W, I, S, Q, O>::ac_fixed(const ac_fixed<W2, I2, S2, Q2, O2> &) [with W=24, I=1, S=false, Q=AC_TRN, O=AC_WRAP, W2=32, I2=32, S2=true, Q2=AC_TRN, O2=AC_WRAP]" at line 409 (CRD-111)
# Warning: $PROJECT_HOME/include/ac_fixed.h(224):             instantiation of "ac_fixed<W, I, S, Q, O>::ac_fixed(const ac_int<W2, S2> &) [with W=24, I=1, S=false, Q=AC_TRN, O=AC_WRAP, W2=32, S2=true]" at line 435 (CRD-111)
# Warning: $PROJECT_HOME/include/ac_fixed.h(224):             instantiation of "ac_fixed<W, I, S, Q, O>::ac_fixed(signed int) [with W=24, I=1, S=false, Q=AC_TRN, O=AC_WRAP]" at line 1620 (CRD-111)
# Warning: $PROJECT_HOME/include/ac_fixed.h(202): integer conversion resulted in a change of sign (CRD-68)
# Warning: $PROJECT_HOME/include/ac_fixed.h(202):           detected during: (CRD-68)
# Warning: $PROJECT_HOME/include/ac_fixed.h(202):             instantiation of "void ac_fixed<W, I, S, Q, O>::overflow_adjust(bool, bool) [with W=24, I=1, S=false, Q=AC_TRN, O=AC_WRAP]" at line 392 (CRD-68)
# Warning: $PROJECT_HOME/include/ac_fixed.h(202):             instantiation of "ac_fixed<W, I, S, Q, O>::ac_fixed(const ac_fixed<W2, I2, S2, Q2, O2> &) [with W=24, I=1, S=false, Q=AC_TRN, O=AC_WRAP, W2=32, I2=32, S2=true, Q2=AC_TRN, O2=AC_WRAP]" at line 409 (CRD-68)
# Warning: $PROJECT_HOME/include/ac_fixed.h(202):             instantiation of "ac_fixed<W, I, S, Q, O>::ac_fixed(const ac_int<W2, S2> &) [with W=24, I=1, S=false, Q=AC_TRN, O=AC_WRAP, W2=32, S2=true]" at line 435 (CRD-68)
# Warning: $PROJECT_HOME/include/ac_fixed.h(202):             instantiation of "ac_fixed<W, I, S, Q, O>::ac_fixed(signed int) [with W=24, I=1, S=false, Q=AC_TRN, O=AC_WRAP]" at line 1620 (CRD-68)
# Source file analysis completed (CIN-68)
# Info: Completed transformation 'analyze' on solution 'solution.v2': elapsed time 3.24 seconds, memory usage 1236976kB, peak memory usage 1236976kB (SOL-9)
# > solution design set sampler_hls -top
# solution design set sampler_hls -top (HC-8)
# > go compile
# Info: Starting transformation 'compile' on solution 'sampler_hls.v1' (SOL-8)
# Generating synthesis internal form... (CIN-3)
# $PROJECT_HOME/tmp_sampler/sampler_llm.c(1154): Found top design routine 'sampler_hls' specified by directive (CIN-52)
# $PROJECT_HOME/tmp_sampler/sampler_llm.c(1154): Synthesizing routine 'sampler_hls' (CIN-13)
# $PROJECT_HOME/tmp_sampler/sampler_llm.c(1154): Inlining routine 'sampler_hls' (CIN-14)
# $PROJECT_HOME/tmp_sampler/sampler_llm.c(286): Inlining routine 'fpr_floor' (CIN-14)
# $PROJECT_HOME/tmp_sampler/sampler_llm.c(279): Inlining routine 'fpr_irsh' (CIN-14)
# $PROJECT_HOME/tmp_sampler/sampler_llm.c(496): Inlining routine 'fpr_of' (CIN-14)
# $PROJECT_HOME/tmp_sampler/sampler_llm.c(440): Inlining routine 'fpr_scaled' (CIN-14)
# $PROJECT_HOME/tmp_sampler/sampler_llm.c(200): Inlining routine 'FPR' (CIN-14)
# $PROJECT_HOME/tmp_sampler/sampler_llm.c(434): Inlining routine 'fpr_sub' (CIN-14)
# $PROJECT_HOME/tmp_sampler/sampler_llm.c(327): Inlining routine 'fpr_add' (CIN-14)
# $PROJECT_HOME/tmp_sampler/sampler_llm.c(266): Inlining routine 'fpr_ulsh' (CIN-14)
# $PROJECT_HOME/tmp_sampler/sampler_llm.c(253): Inlining routine 'fpr_ursh' (CIN-14)
# $PROJECT_HOME/tmp_sampler/sampler_llm.c(200): Inlining routine 'FPR' (CIN-14)
# $PROJECT_HOME/tmp_sampler/sampler_llm.c(597): Inlining routine 'fpr_sqr' (CIN-14)
# $PROJECT_HOME/tmp_sampler/sampler_llm.c(501): Inlining routine 'fpr_mul' (CIN-14)
# $PROJECT_HOME/tmp_sampler/sampler_llm.c(200): Inlining routine 'FPR' (CIN-14)
# $PROJECT_HOME/tmp_sampler/sampler_llm.c(603): Inlining routine 'fpr_half' (CIN-14)
# $PROJECT_HOME/tmp_sampler/sampler_llm.c(501): Inlining routine 'fpr_mul' (CIN-14)
# $PROJECT_HOME/tmp_sampler/sampler_llm.c(200): Inlining routine 'FPR' (CIN-14)
# $PROJECT_HOME/tmp_sampler/sampler_llm.c(1083): Inlining routine 'gaussian0_sampler_no_structs' (CIN-14)
# $PROJECT_HOME/tmp_sampler/sampler_llm.c(1062): Inlining routine 'prng_get_u64_no_structs' (CIN-14)
# $PROJECT_HOME/tmp_sampler/sampler_llm.c(998): Inlining routine 'prng_refill_no_structs' (CIN-14)
# Error: $PROJECT_HOME/tmp_sampler/sampler_llm.c(1010): Invalid pointer cast from 'uint32_t *' to 'void *' (CIN-71)
# Error: Compilation aborted (CIN-5)
# Info: Completed transformation 'analyze' on solution 'sampler_hls.v1': elapsed time 1.80 seconds, memory usage 1236976kB, peak memory usage 1236976kB (SOL-9)
# Info: Design complexity at end of 'analyze': Total ops = 878, Real ops = 386, Vars = 157 (SOL-21)
# > end dofile ./outputs_sampler_gpt-4o_22/initial.tcl
# Error: go compile: Failed compile
// Finish time Fri Jan 23 12:34:39 2026, time elapsed 0:10, peak memory 1.18GB, exit status 2
